\BOOKMARK [1][-]{Doc-Start}{\376\377\000R\000e\000s\000u\000m\000e\000n\000\040\000e\000j\000e\000c\000u\000t\000i\000v\000o}{}% 1
\BOOKMARK [1][-]{section.1}{\376\377\000I\000n\000t\000r\000o\000d\000u\000c\000c\000i\000\363\000n}{}% 2
\BOOKMARK [1][-]{section.2}{\376\377\000P\000l\000a\000n\000t\000e\000a\000m\000i\000e\000n\000t\000o\000\040\000d\000e\000l\000\040\000p\000r\000o\000b\000l\000e\000m\000a}{}% 3
\BOOKMARK [1][-]{section.3}{\376\377\000O\000b\000j\000e\000t\000i\000v\000o\000\040\000g\000e\000n\000e\000r\000a\000l}{}% 4
\BOOKMARK [1][-]{section.4}{\376\377\000O\000b\000j\000e\000t\000i\000v\000o\000s\000\040\000e\000s\000p\000e\000c\000\355\000f\000i\000c\000o\000s}{}% 5
\BOOKMARK [1][-]{section.5}{\376\377\000E\000s\000t\000r\000u\000c\000t\000u\000r\000a\000\040\000d\000e\000l\000\040\000d\000o\000c\000u\000m\000e\000n\000t\000o}{}% 6
\BOOKMARK [1][-]{section.6}{\376\377\000M\000a\000r\000c\000o\000\040\000t\000e\000\363\000r\000i\000c\000o}{}% 7
\BOOKMARK [2][-]{subsection.6.1}{\376\377\000M\000i\000n\000e\000r\000\355\000a\000\040\000d\000e\000\040\000d\000a\000t\000o\000s\000\040\000y\000\040\000a\000p\000r\000e\000n\000d\000i\000z\000a\000j\000e\000\040\000n\000o\000\040\000s\000u\000p\000e\000r\000v\000i\000s\000a\000d\000o}{section.6}% 8
\BOOKMARK [2][-]{subsection.6.2}{\376\377\000K\000-\000M\000e\000a\000n\000s}{section.6}% 9
\BOOKMARK [2][-]{subsection.6.3}{\376\377\000D\000B\000S\000C\000A\000N}{section.6}% 10
\BOOKMARK [2][-]{subsection.6.4}{\376\377\000A\000g\000g\000l\000o\000m\000e\000r\000a\000t\000i\000v\000e\000\040\000C\000l\000u\000s\000t\000e\000r\000i\000n\000g}{section.6}% 11
\BOOKMARK [2][-]{subsection.6.5}{\376\377\000M\000\351\000t\000r\000i\000c\000a\000s\000\040\000d\000e\000\040\000e\000v\000a\000l\000u\000a\000c\000i\000\363\000n}{section.6}% 12
\BOOKMARK [2][-]{subsection.6.6}{\376\377\000R\000e\000d\000u\000c\000c\000i\000\363\000n\000\040\000d\000e\000\040\000d\000i\000m\000e\000n\000s\000i\000o\000n\000a\000l\000i\000d\000a\000d\000\040\000p\000o\000r\000\040\000P\000C\000A}{section.6}% 13
\BOOKMARK [2][-]{subsection.6.7}{\376\377\000C\000i\000e\000n\000c\000i\000a\000\040\0002\000.\0000\000\040\000y\000\040\000r\000e\000p\000r\000o\000d\000u\000c\000i\000b\000i\000l\000i\000d\000a\000d}{section.6}% 14
\BOOKMARK [1][-]{section.7}{\376\377\000M\000e\000t\000o\000d\000o\000l\000o\000g\000\355\000a}{}% 15
\BOOKMARK [2][-]{subsection.7.1}{\376\377\000P\000i\000p\000e\000l\000i\000n\000e\000\040\000g\000e\000n\000e\000r\000a\000l}{section.7}% 16
\BOOKMARK [2][-]{subsection.7.2}{\376\377\000P\000s\000e\000u\000d\000o\000c\000\363\000d\000i\000g\000o\000\040\000d\000e\000l\000\040\000e\000x\000p\000e\000r\000i\000m\000e\000n\000t\000o}{section.7}% 17
\BOOKMARK [2][-]{subsection.7.3}{\376\377\000V\000a\000r\000i\000a\000b\000l\000e\000s\000\040\000d\000e\000l\000\040\000d\000a\000t\000a\000s\000e\000t}{section.7}% 18
\BOOKMARK [1][-]{section.8}{\376\377\000D\000i\000s\000e\000\361\000o\000\040\000y\000\040\000e\000j\000e\000c\000u\000c\000i\000\363\000n\000\040\000d\000e\000\040\000l\000o\000s\000\040\000e\000x\000p\000e\000r\000i\000m\000e\000n\000t\000o\000s}{}% 19
\BOOKMARK [2][-]{subsection.8.1}{\376\377\000E\000x\000p\000l\000o\000r\000a\000c\000i\000\363\000n\000\040\000d\000e\000\040\000d\000a\000t\000o\000s}{section.8}% 20
\BOOKMARK [2][-]{subsection.8.2}{\376\377\000D\000e\000t\000e\000r\000m\000i\000n\000a\000c\000i\000\363\000n\000\040\000d\000e\000l\000\040\000n\000\372\000m\000e\000r\000o\000\040\000d\000e\000\040\000c\000l\000u\000s\000t\000e\000r\000s}{section.8}% 21
\BOOKMARK [2][-]{subsection.8.3}{\376\377\000C\000o\000n\000f\000i\000g\000u\000r\000a\000c\000i\000\363\000n\000\040\000d\000e\000\040\000l\000o\000s\000\040\000a\000l\000g\000o\000r\000i\000t\000m\000o\000s}{section.8}% 22
\BOOKMARK [1][-]{section.9}{\376\377\000R\000e\000s\000u\000l\000t\000a\000d\000o\000s}{}% 23
\BOOKMARK [2][-]{subsection.9.1}{\376\377\000M\000\351\000t\000r\000i\000c\000a\000s\000\040\000c\000o\000m\000p\000a\000r\000a\000t\000i\000v\000a\000s}{section.9}% 24
\BOOKMARK [2][-]{subsection.9.2}{\376\377\000V\000i\000s\000u\000a\000l\000i\000z\000a\000c\000i\000\363\000n\000\040\000d\000e\000\040\000l\000o\000s\000\040\000c\000l\000u\000s\000t\000e\000r\000s}{section.9}% 25
\BOOKMARK [2][-]{subsection.9.3}{\376\377\000M\000a\000t\000r\000i\000z\000\040\000d\000e\000\040\000c\000o\000n\000f\000u\000s\000i\000\363\000n\000\040\000d\000e\000l\000\040\000m\000e\000j\000o\000r\000\040\000m\000o\000d\000e\000l\000o}{section.9}% 26
\BOOKMARK [2][-]{subsection.9.4}{\376\377\000D\000i\000s\000c\000u\000s\000i\000\363\000n}{section.9}% 27
\BOOKMARK [1][-]{section.10}{\376\377\000C\000o\000n\000c\000l\000u\000s\000i\000o\000n\000e\000s}{}% 28
\BOOKMARK [2][-]{subsection.10.1}{\376\377\000A\000p\000o\000r\000t\000e\000s\000\040\000d\000e\000l\000\040\000p\000r\000o\000y\000e\000c\000t\000o}{section.10}% 29
\BOOKMARK [2][-]{subsection.10.2}{\376\377\000L\000i\000m\000i\000t\000a\000c\000i\000o\000n\000e\000s}{section.10}% 30
\BOOKMARK [2][-]{subsection.10.3}{\376\377\000T\000r\000a\000b\000a\000j\000o\000\040\000f\000u\000t\000u\000r\000o}{section.10}% 31
\BOOKMARK [1][-]{subsection.10.3}{\376\377\000C\000h\000e\000c\000k\000l\000i\000s\000t\000\040\000d\000e\000\040\000C\000i\000e\000n\000c\000i\000a\000\040\0002\000.\0000}{}% 32
\BOOKMARK [1][-]{appendix.Alph1}{\376\377\000A\000p\000\351\000n\000d\000i\000c\000e\000:\000\040\000c\000\363\000d\000i\000g\000o\000\040\000f\000u\000e\000n\000t\000e\000\040\000e\000s\000e\000n\000c\000i\000a\000l}{}% 33
\BOOKMARK [2][-]{subsection.Alph1.1}{\376\377\000C\000a\000r\000g\000a\000\040\000y\000\040\000p\000r\000e\000p\000r\000o\000c\000e\000s\000a\000m\000i\000e\000n\000t\000o}{appendix.Alph1}% 34
\BOOKMARK [2][-]{subsection.Alph1.2}{\376\377\000C\000o\000m\000p\000a\000r\000a\000c\000i\000\363\000n\000\040\000d\000e\000\040\000a\000l\000g\000o\000r\000i\000t\000m\000o\000s}{appendix.Alph1}% 35
\BOOKMARK [1][-]{appendix.Alph2}{\376\377\000A\000p\000\351\000n\000d\000i\000c\000e\000:\000\040\000i\000n\000s\000t\000r\000u\000c\000c\000i\000o\000n\000e\000s\000\040\000d\000e\000\040\000r\000e\000p\000r\000o\000d\000u\000c\000i\000b\000i\000l\000i\000d\000a\000d}{}% 36
\BOOKMARK [2][-]{subsection.Alph2.1}{\376\377\000E\000s\000t\000r\000u\000c\000t\000u\000r\000a\000\040\000d\000e\000l\000\040\000r\000e\000p\000o\000s\000i\000t\000o\000r\000i\000o}{appendix.Alph2}% 37
\BOOKMARK [2][-]{subsection.Alph2.2}{\376\377\000E\000j\000e\000c\000u\000c\000i\000\363\000n\000\040\000l\000o\000c\000a\000l}{appendix.Alph2}% 38
\BOOKMARK [2][-]{subsection.Alph2.3}{\376\377\000E\000j\000e\000c\000u\000c\000i\000\363\000n\000\040\000e\000n\000\040\000G\000o\000o\000g\000l\000e\000\040\000C\000o\000l\000a\000b}{appendix.Alph2}% 39
\BOOKMARK [2][-]{subsection.Alph2.4}{\376\377\000C\000o\000m\000p\000i\000l\000a\000c\000i\000\363\000n\000\040\000d\000e\000l\000\040\000r\000e\000p\000o\000r\000t\000e\000\040\000L\000a\000T\000e\000X}{appendix.Alph2}% 40
\BOOKMARK [2][-]{subsection.Alph2.5}{\376\377\000C\000h\000e\000c\000k\000l\000i\000s\000t\000\040\000d\000e\000\040\000C\000i\000e\000n\000c\000i\000a\000\040\0002\000.\0000}{appendix.Alph2}% 41
